[coderthemes.com/paces/bootstrap/auth-sign-in.html]
[backblue.gif]
[fade.gif]
[index.html]
[coderthemes.com/paces/bootstrap/assets/images/favicon.ico]
[coderthemes.com/paces/bootstrap/assets/js/config.js]
[coderthemes.com/paces/bootstrap/demo.js]
[coderthemes.com/paces/bootstrap/assets/css/vendors.min.css]
[coderthemes.com/paces/bootstrap/assets/css/app.min.css]
[coderthemes.com/paces/bootstrap/index.html]
[coderthemes.com/paces/bootstrap/assets/images/logo-black.png]
[coderthemes.com/paces/bootstrap/assets/images/logo.png]
[coderthemes.com/paces/bootstrap/auth-reset-pass.html]
[coderthemes.com/paces/bootstrap/auth-sign-up.html]
[coderthemes.com/paces/bootstrap/assets/js/app.js]
[coderthemes.com/paces/bootstrap/auth-sign-in.html]
[coderthemes.com/paces/bootstrap/assets/js/vendors.min.js]
[coderthemes.com/paces/bootstrap/assets/css/fonts/remixiconea58.woff2]
[coderthemes.com/paces/bootstrap/assets/css/fonts/remixiconea58.woff]
[coderthemes.com/paces/bootstrap/assets/css/fonts/remixiconea58.ttf]
[coderthemes.com/paces/bootstrap/assets/css/fonts/tabler-icons63ae.woff2]
[coderthemes.com/paces/bootstrap/assets/css/fonts/tabler-iconsd41d.woff]
[coderthemes.com/paces/bootstrap/assets/css/fonts/tabler-icons63ae.ttf]
[coderthemes.com/paces/bootstrap/assets/css/vendors.min.css]
[coderthemes.com/paces/bootstrap/assets/css/app.min.css]
[coderthemes.com/paces/bootstrap/assets/images/auth-card-bg.svg]
[coderthemes.com/paces/bootstrap/assets/plugins/jsvectormap/jsvectormap.min.css]
[coderthemes.com/paces/bootstrap/assets/images/logo-sm.png]
[coderthemes.com/paces/bootstrap/assets/images/stock/small-8.jpg]
[coderthemes.com/paces/bootstrap/assets/images/users/user-4.jpg]
[coderthemes.com/paces/bootstrap/assets/images/users/user-5.jpg]
[coderthemes.com/paces/bootstrap/assets/images/users/user-6.jpg]
[coderthemes.com/paces/bootstrap/assets/images/users/user-7.jpg]
[coderthemes.com/paces/bootstrap/assets/images/users/user-8.jpg]
[coderthemes.com/paces/bootstrap/assets/images/users/user-1.jpg]
[coderthemes.com/paces/bootstrap/auth-lock-screen.html]
[coderthemes.com/paces/bootstrap/dashboard-analytics.html]
[coderthemes.com/paces/bootstrap/dashboard-crm.html]
[coderthemes.com/paces/bootstrap/dashboard-finance.html]
[coderthemes.com/paces/bootstrap/dashboard-projects.html]
[coderthemes.com/paces/bootstrap/apps-ecommerce-products.html]
[coderthemes.com/paces/bootstrap/apps-ecommerce-products-grid.html]
[coderthemes.com/paces/bootstrap/apps-ecommerce-product-details.html]
[coderthemes.com/paces/bootstrap/apps-ecommerce-product-add.html]
[coderthemes.com/paces/bootstrap/apps-ecommerce-categories.html]
[coderthemes.com/paces/bootstrap/apps-ecommerce-orders.html]
[coderthemes.com/paces/bootstrap/apps-ecommerce-order-details.html]
[coderthemes.com/paces/bootstrap/apps-ecommerce-order-add.html]
[coderthemes.com/paces/bootstrap/apps-ecommerce-customers.html]
[coderthemes.com/paces/bootstrap/apps-ecommerce-cart.html]
[coderthemes.com/paces/bootstrap/apps-ecommerce-checkout.html]
[coderthemes.com/paces/bootstrap/apps-ecommerce-sellers.html]
[coderthemes.com/paces/bootstrap/apps-ecommerce-seller-details.html]
[coderthemes.com/paces/bootstrap/apps-ecommerce-refunds.html]
[coderthemes.com/paces/bootstrap/apps-ecommerce-reviews.html]
[coderthemes.com/paces/bootstrap/apps-ecommerce-warehouse.html]
[coderthemes.com/paces/bootstrap/apps-ecommerce-product-stocks.html]
[coderthemes.com/paces/bootstrap/apps-ecommerce-purchased-orders.html]
[coderthemes.com/paces/bootstrap/apps-ecommerce-product-views.html]
[coderthemes.com/paces/bootstrap/apps-ecommerce-sales.html]
[coderthemes.com/paces/bootstrap/apps-ecommerce-attributes.html]
[coderthemes.com/paces/bootstrap/apps-ecommerce-settings.html]
[coderthemes.com/paces/bootstrap/apps-chat.html]
[coderthemes.com/paces/bootstrap/apps-projects-grid.html]
[coderthemes.com/paces/bootstrap/apps-projects-list.html]
[coderthemes.com/paces/bootstrap/apps-projects-details.html]
[coderthemes.com/paces/bootstrap/apps-projects-kanban.html]
[coderthemes.com/paces/bootstrap/apps-projects-team-board.html]
[coderthemes.com/paces/bootstrap/apps-projects-activity.html]
[coderthemes.com/paces/bootstrap/apps-task-list.html]
[coderthemes.com/paces/bootstrap/apps-task-details.html]
[coderthemes.com/paces/bootstrap/apps-task-create.html]
[coderthemes.com/paces/bootstrap/apps-invoice-list.html]
[coderthemes.com/paces/bootstrap/apps-invoice-details.html]
[coderthemes.com/paces/bootstrap/apps-invoice-create.html]
[coderthemes.com/paces/bootstrap/apps-crm-contacts.html]
[coderthemes.com/paces/bootstrap/apps-crm-opportunities.html]
[coderthemes.com/paces/bootstrap/apps-crm-deals.html]
[coderthemes.com/paces/bootstrap/apps-crm-leads.html]
[coderthemes.com/paces/bootstrap/apps-crm-pipeline.html]
[coderthemes.com/paces/bootstrap/apps-crm-campaign.html]
[coderthemes.com/paces/bootstrap/apps-crm-proposals.html]
[coderthemes.com/paces/bootstrap/apps-crm-estimations.html]
[coderthemes.com/paces/bootstrap/apps-crm-customers.html]
[coderthemes.com/paces/bootstrap/apps-crm-activities.html]
[coderthemes.com/paces/bootstrap/apps-users-contacts.html]
[coderthemes.com/paces/bootstrap/apps-users-profile.html]
[coderthemes.com/paces/bootstrap/apps-users-account-settings.html]
[coderthemes.com/paces/bootstrap/apps-users-roles.html]
[coderthemes.com/paces/bootstrap/apps-users-role-details.html]
[coderthemes.com/paces/bootstrap/apps-users-permissions.html]
[coderthemes.com/paces/bootstrap/apps-finance-expenses.html]
[coderthemes.com/paces/bootstrap/apps-finance-expense-category.html]
[coderthemes.com/paces/bootstrap/apps-finance-income.html]
[coderthemes.com/paces/bootstrap/apps-finance-transactions.html]
[coderthemes.com/paces/bootstrap/apps-finance-banks-cards.html]
[coderthemes.com/paces/bootstrap/apps-hrm-staffs.html]
[coderthemes.com/paces/bootstrap/apps-hrm-staff-profile.html]
[coderthemes.com/paces/bootstrap/apps-hrm-staff-add.html]
[coderthemes.com/paces/bootstrap/apps-hrm-departments.html]
[coderthemes.com/paces/bootstrap/apps-hrm-attendance.html]
[coderthemes.com/paces/bootstrap/apps-hrm-leaves.html]
[coderthemes.com/paces/bootstrap/apps-hrm-leave-add.html]
[coderthemes.com/paces/bootstrap/apps-hrm-holidays.html]
[coderthemes.com/paces/bootstrap/apps-hrm-payroll.html]
[coderthemes.com/paces/bootstrap/apps-hrm-create-salary-slip.html]
[coderthemes.com/paces/bootstrap/apps-email-inbox.html]
[coderthemes.com/paces/bootstrap/apps-email-details.html]
[coderthemes.com/paces/bootstrap/apps-email-compose.html]
[coderthemes.com/paces/bootstrap/apps-ticket-list.html]
[coderthemes.com/paces/bootstrap/apps-ticket-details.html]
[coderthemes.com/paces/bootstrap/apps-ticket-create.html]
[coderthemes.com/paces/bootstrap/apps-promo-coupons.html]
[coderthemes.com/paces/bootstrap/apps-promo-gift-cards.html]
[coderthemes.com/paces/bootstrap/apps-promo-discounts.html]
[coderthemes.com/paces/bootstrap/apps-social-feed.html]
[coderthemes.com/paces/bootstrap/apps-pro-ai.html]
[coderthemes.com/paces/bootstrap/apps-file-manager.html]
[coderthemes.com/paces/bootstrap/apps-calendar.html]
[coderthemes.com/paces/bootstrap/apps-companies.html]
[coderthemes.com/paces/bootstrap/apps-todo.html]
[coderthemes.com/paces/bootstrap/apps-pin-board.html]
[coderthemes.com/paces/bootstrap/apps-clients.html]
[coderthemes.com/paces/bootstrap/apps-outlook.html]
[coderthemes.com/paces/bootstrap/apps-vote-list.html]
[coderthemes.com/paces/bootstrap/apps-issue-tracker.html]
[coderthemes.com/paces/bootstrap/apps-api-keys.html]
[coderthemes.com/paces/bootstrap/apps-manage.html]
[coderthemes.com/paces/bootstrap/apps-blog-list.html]
[coderthemes.com/paces/bootstrap/apps-blog-grid.html]
[coderthemes.com/paces/bootstrap/apps-blog-article.html]
[coderthemes.com/paces/bootstrap/apps-blog-add.html]
[coderthemes.com/paces/bootstrap/apps-forum-view.html]
[coderthemes.com/paces/bootstrap/apps-forum-post.html]
[coderthemes.com/paces/bootstrap/pages-about-us.html]
[coderthemes.com/paces/bootstrap/pages-contact-us.html]
[coderthemes.com/paces/bootstrap/pages-pricing.html]
[coderthemes.com/paces/bootstrap/pages-empty.html]
[coderthemes.com/paces/bootstrap/pages-timeline.html]
[coderthemes.com/paces/bootstrap/pages-gallery.html]
[coderthemes.com/paces/bootstrap/pages-faq.html]
[coderthemes.com/paces/bootstrap/pages-sitemap.html]
[coderthemes.com/paces/bootstrap/pages-search-results.html]
[coderthemes.com/paces/bootstrap/pages-coming-soon.html]
[coderthemes.com/paces/bootstrap/pages-privacy-policy.html]
[coderthemes.com/paces/bootstrap/pages-terms-conditions.html]
[coderthemes.com/paces/bootstrap/plugins-sortable.html]
[coderthemes.com/paces/bootstrap/plugins-pdf-viewer.html]
[coderthemes.com/paces/bootstrap/plugins-i18.html]
[coderthemes.com/paces/bootstrap/plugins-sweet-alerts.html]
[coderthemes.com/paces/bootstrap/plugins-idle-timer.html]
[coderthemes.com/paces/bootstrap/plugins-pass-meter.html]
[coderthemes.com/paces/bootstrap/plugins-clipboard.html]
[coderthemes.com/paces/bootstrap/plugins-tree-view.html]
[coderthemes.com/paces/bootstrap/plugins-masonry.html]
[coderthemes.com/paces/bootstrap/plugins-tour.html]
[coderthemes.com/paces/bootstrap/plugins-animation.html]
[coderthemes.com/paces/bootstrap/plugins-video-player.html]
[coderthemes.com/paces/bootstrap/auth-new-pass.html]
[coderthemes.com/paces/bootstrap/auth-two-factor.html]
[coderthemes.com/paces/bootstrap/auth-success-mail.html]
[coderthemes.com/paces/bootstrap/auth-login-pin.html]
[coderthemes.com/paces/bootstrap/auth-delete-account.html]
[coderthemes.com/paces/bootstrap/auth-card-sign-in.html]
[coderthemes.com/paces/bootstrap/auth-card-sign-up.html]
[coderthemes.com/paces/bootstrap/auth-card-reset-pass.html]
[coderthemes.com/paces/bootstrap/auth-card-new-pass.html]
[coderthemes.com/paces/bootstrap/auth-card-two-factor.html]
[coderthemes.com/paces/bootstrap/auth-card-lock-screen.html]
[coderthemes.com/paces/bootstrap/auth-card-success-mail.html]
[coderthemes.com/paces/bootstrap/auth-card-login-pin.html]
[coderthemes.com/paces/bootstrap/auth-card-delete-account.html]
[coderthemes.com/paces/bootstrap/auth-split-sign-in.html]
[coderthemes.com/paces/bootstrap/auth-split-sign-up.html]
[coderthemes.com/paces/bootstrap/auth-split-reset-pass.html]
[coderthemes.com/paces/bootstrap/auth-split-new-pass.html]
[coderthemes.com/paces/bootstrap/auth-split-two-factor.html]
[coderthemes.com/paces/bootstrap/auth-split-lock-screen.html]
[coderthemes.com/paces/bootstrap/auth-split-success-mail.html]
[coderthemes.com/paces/bootstrap/auth-split-login-pin.html]
[coderthemes.com/paces/bootstrap/auth-split-delete-account.html]
[coderthemes.com/paces/bootstrap/error-400.html]
[coderthemes.com/paces/bootstrap/error-401.html]
[coderthemes.com/paces/bootstrap/error-403.html]
[coderthemes.com/paces/bootstrap/error-404.html]
[coderthemes.com/paces/bootstrap/error-408.html]
[coderthemes.com/paces/bootstrap/error-500.html]
[coderthemes.com/paces/bootstrap/error-maintenance.html]
[coderthemes.com/paces/bootstrap/layouts-horizontal.html]
[coderthemes.com/paces/bootstrap/layouts-boxed.html]
[coderthemes.com/paces/bootstrap/layouts-scrollable.html]
[coderthemes.com/paces/bootstrap/layouts-compact.html]
[coderthemes.com/paces/bootstrap/layouts-preloader.html]
[coderthemes.com/paces/bootstrap/layouts-sidebar-light.html]
[coderthemes.com/paces/bootstrap/layouts-sidebar-gradient.html]
[coderthemes.com/paces/bootstrap/layouts-sidebar-gray.html]
[coderthemes.com/paces/bootstrap/layouts-sidebar-image.html]
[coderthemes.com/paces/bootstrap/layouts-sidebar-compact.html]
[coderthemes.com/paces/bootstrap/layouts-sidebar-on-hover.html]
[coderthemes.com/paces/bootstrap/layouts-sidebar-offcanvas.html]
[coderthemes.com/paces/bootstrap/layouts-sidebar-no-icons.html]
[coderthemes.com/paces/bootstrap/layouts-sidebar-with-lines.html]
[coderthemes.com/paces/bootstrap/layouts-topbar-dark.html]
[coderthemes.com/paces/bootstrap/layouts-topbar-gray.html]
[coderthemes.com/paces/bootstrap/layouts-topbar-gradient.html]
[coderthemes.com/paces/bootstrap/ui-accordions.html]
[coderthemes.com/paces/bootstrap/ui-alerts.html]
[coderthemes.com/paces/bootstrap/ui-buttons.html]
[coderthemes.com/paces/bootstrap/ui-badges.html]
[coderthemes.com/paces/bootstrap/ui-colors.html]
[coderthemes.com/paces/bootstrap/ui-breadcrumb.html]
[coderthemes.com/paces/bootstrap/ui-cards.html]
[coderthemes.com/paces/bootstrap/ui-carousel.html]
[coderthemes.com/paces/bootstrap/ui-collapse.html]
[coderthemes.com/paces/bootstrap/ui-images.html]
[coderthemes.com/paces/bootstrap/ui-dropdowns.html]
[coderthemes.com/paces/bootstrap/ui-videos.html]
[coderthemes.com/paces/bootstrap/ui-grid.html]
[coderthemes.com/paces/bootstrap/ui-links.html]
[coderthemes.com/paces/bootstrap/ui-list-group.html]
[coderthemes.com/paces/bootstrap/ui-modals.html]
[coderthemes.com/paces/bootstrap/ui-notifications.html]
[coderthemes.com/paces/bootstrap/ui-offcanvas.html]
[coderthemes.com/paces/bootstrap/ui-placeholders.html]
[coderthemes.com/paces/bootstrap/ui-pagination.html]
[coderthemes.com/paces/bootstrap/ui-popovers.html]
[coderthemes.com/paces/bootstrap/ui-progress.html]
[coderthemes.com/paces/bootstrap/ui-scrollspy.html]
[coderthemes.com/paces/bootstrap/ui-spinners.html]
[coderthemes.com/paces/bootstrap/ui-tabs.html]
[coderthemes.com/paces/bootstrap/ui-tooltips.html]
[coderthemes.com/paces/bootstrap/ui-typography.html]
[coderthemes.com/paces/bootstrap/ui-utilities.html]
[coderthemes.com/paces/bootstrap/widgets-charts.html]
[coderthemes.com/paces/bootstrap/widgets-mixed.html]
[coderthemes.com/paces/bootstrap/widgets-social.html]
[coderthemes.com/paces/bootstrap/widgets-statistics.html]
[coderthemes.com/paces/bootstrap/widgets-weather.html]
[coderthemes.com/paces/bootstrap/charts-apex-area.html]
[coderthemes.com/paces/bootstrap/charts-apex-bar.html]
[coderthemes.com/paces/bootstrap/charts-apex-bubble.html]
[coderthemes.com/paces/bootstrap/charts-apex-candlestick.html]
[coderthemes.com/paces/bootstrap/charts-apex-column.html]
[coderthemes.com/paces/bootstrap/charts-apex-heatmap.html]
[coderthemes.com/paces/bootstrap/charts-apex-line.html]
[coderthemes.com/paces/bootstrap/charts-apex-mixed.html]
[coderthemes.com/paces/bootstrap/charts-apex-timeline.html]
[coderthemes.com/paces/bootstrap/charts-apex-boxplot.html]
[coderthemes.com/paces/bootstrap/charts-apex-treemap.html]
[coderthemes.com/paces/bootstrap/charts-apex-pie.html]
[coderthemes.com/paces/bootstrap/charts-apex-radar.html]
[coderthemes.com/paces/bootstrap/charts-apex-radialbar.html]
[coderthemes.com/paces/bootstrap/charts-apex-scatter.html]
[coderthemes.com/paces/bootstrap/charts-apex-polar-area.html]
[coderthemes.com/paces/bootstrap/charts-apex-sparklines.html]
[coderthemes.com/paces/bootstrap/charts-apex-range.html]
[coderthemes.com/paces/bootstrap/charts-apex-funnel.html]
[coderthemes.com/paces/bootstrap/charts-apex-slope.html]
[coderthemes.com/paces/bootstrap/charts-echart-line.html]
[coderthemes.com/paces/bootstrap/charts-echart-bar.html]
[coderthemes.com/paces/bootstrap/charts-echart-pie.html]
[coderthemes.com/paces/bootstrap/charts-echart-scatter.html]
[coderthemes.com/paces/bootstrap/charts-echart-geo-map.html]
[coderthemes.com/paces/bootstrap/charts-echart-gauge.html]
[coderthemes.com/paces/bootstrap/charts-echart-candlestick.html]
[coderthemes.com/paces/bootstrap/charts-echart-area.html]
[coderthemes.com/paces/bootstrap/charts-echart-radar.html]
[coderthemes.com/paces/bootstrap/charts-echart-heatmap.html]
[coderthemes.com/paces/bootstrap/charts-echart-other.html]
[coderthemes.com/paces/bootstrap/charts-chartjs-area.html]
[coderthemes.com/paces/bootstrap/charts-chartjs-bar.html]
[coderthemes.com/paces/bootstrap/charts-chartjs-line.html]
[coderthemes.com/paces/bootstrap/charts-chartjs-other.html]
[coderthemes.com/paces/bootstrap/form-elements.html]
[coderthemes.com/paces/bootstrap/form-validation.html]
[coderthemes.com/paces/bootstrap/form-wizard.html]
[coderthemes.com/paces/bootstrap/form-select.html]
[coderthemes.com/paces/bootstrap/form-pickers.html]
[coderthemes.com/paces/bootstrap/form-fileuploads.html]
[coderthemes.com/paces/bootstrap/form-text-editors.html]
[coderthemes.com/paces/bootstrap/form-range-slider.html]
[coderthemes.com/paces/bootstrap/form-cropper.html]
[coderthemes.com/paces/bootstrap/form-layout.html]
[coderthemes.com/paces/bootstrap/form-other-plugin.html]
[coderthemes.com/paces/bootstrap/tables-static.html]
[coderthemes.com/paces/bootstrap/tables-custom.html]
[coderthemes.com/paces/bootstrap/tables-datatables-basic.html]
[coderthemes.com/paces/bootstrap/tables-datatables-export-data.html]
[coderthemes.com/paces/bootstrap/tables-datatables-select.html]
[coderthemes.com/paces/bootstrap/tables-datatables-ajax.html]
[coderthemes.com/paces/bootstrap/tables-datatables-javascript.html]
[coderthemes.com/paces/bootstrap/tables-datatables-rendering.html]
[coderthemes.com/paces/bootstrap/tables-datatables-scroll.html]
[coderthemes.com/paces/bootstrap/tables-datatables-fixed-columns.html]
[coderthemes.com/paces/bootstrap/tables-datatables-fixed-header.html]
[coderthemes.com/paces/bootstrap/tables-datatables-columns.html]
[coderthemes.com/paces/bootstrap/tables-datatables-child-rows.html]
[coderthemes.com/paces/bootstrap/tables-datatables-column-searching.html]
[coderthemes.com/paces/bootstrap/tables-datatables-range-search.html]
[coderthemes.com/paces/bootstrap/tables-datatables-rows-add.html]
[coderthemes.com/paces/bootstrap/tables-datatables-checkbox-select.html]
[coderthemes.com/paces/bootstrap/icons-tabler.html]
[coderthemes.com/paces/bootstrap/icons-lucide.html]
[coderthemes.com/paces/bootstrap/icons-remix.html]
[coderthemes.com/paces/bootstrap/icons-solar-duotone.html]
[coderthemes.com/paces/bootstrap/icons-flags.html]
[coderthemes.com/paces/bootstrap/maps-google.html]
[coderthemes.com/paces/bootstrap/maps-vector.html]
[coderthemes.com/paces/bootstrap/maps-leaflet.html]
[coderthemes.com/paces/bootstrap/assets/images/products/1.png]
[coderthemes.com/paces/bootstrap/assets/images/products/2.png]
[coderthemes.com/paces/bootstrap/assets/images/products/3.png]
[coderthemes.com/paces/bootstrap/assets/images/products/4.png]
[coderthemes.com/paces/bootstrap/assets/images/products/5.png]
[coderthemes.com/paces/bootstrap/assets/images/products/6.png]
[coderthemes.com/paces/bootstrap/assets/images/products/7.png]
[coderthemes.com/paces/bootstrap/assets/images/products/8.png]
[coderthemes.com/paces/bootstrap/assets/images/products/9.png]
[coderthemes.com/paces/bootstrap/assets/images/products/10.png]
[coderthemes.com/paces/bootstrap/assets/images/settings-bg.png]
[coderthemes.com/paces/bootstrap/assets/images/layouts/skin-default.png]
[coderthemes.com/paces/bootstrap/assets/images/layouts/skin-minimal.png]
[coderthemes.com/paces/bootstrap/assets/images/layouts/skin-modern.png]
[coderthemes.com/paces/bootstrap/assets/images/layouts/skin-material.png]
[coderthemes.com/paces/bootstrap/assets/images/layouts/skin-saas.png]
[coderthemes.com/paces/bootstrap/assets/images/layouts/skin-flat.png]
[coderthemes.com/paces/bootstrap/assets/images/layouts/skin-galaxy.png]
[coderthemes.com/paces/bootstrap/assets/images/layouts/skin-luxe.png]
[coderthemes.com/paces/bootstrap/assets/images/layouts/skin-retro.png]
[coderthemes.com/paces/bootstrap/assets/images/layouts/skin-neon.png]
[coderthemes.com/paces/bootstrap/assets/images/layouts/skin-pixel.png]
[coderthemes.com/paces/bootstrap/assets/images/layouts/skin-soft.png]
[coderthemes.com/paces/bootstrap/assets/images/layouts/skin-mono.png]
[coderthemes.com/paces/bootstrap/assets/images/layouts/skin-prism.png]
[coderthemes.com/paces/bootstrap/assets/images/layouts/skin-nova.png]
[coderthemes.com/paces/bootstrap/assets/images/layouts/skin-zen.png]
[coderthemes.com/paces/bootstrap/assets/images/layouts/skin-elegant.png]
[coderthemes.com/paces/bootstrap/assets/images/layouts/skin-vivid.png]
[coderthemes.com/paces/bootstrap/assets/images/layouts/skin-aurora.png]
[coderthemes.com/paces/bootstrap/assets/images/layouts/skin-crystal.png]
[coderthemes.com/paces/bootstrap/assets/images/layouts/skin-matrix.png]
[coderthemes.com/paces/bootstrap/assets/images/layouts/skin-orbit.png]
[coderthemes.com/paces/bootstrap/assets/images/layouts/skin-neo.png]
[coderthemes.com/paces/bootstrap/assets/images/layouts/skin-silver.png]
[coderthemes.com/paces/bootstrap/assets/images/layouts/skin-xenon.png]
[coderthemes.com/paces/bootstrap/assets/images/layouts/theme-light.png]
[coderthemes.com/paces/bootstrap/assets/images/layouts/theme-dark.png]
[coderthemes.com/paces/bootstrap/assets/images/layouts/theme-system.png]
[coderthemes.com/paces/bootstrap/assets/images/layouts/topbar-color-light.png]
[coderthemes.com/paces/bootstrap/assets/images/layouts/topbar-color-dark.png]
[coderthemes.com/paces/bootstrap/assets/images/layouts/topbar-color-gray.png]
[coderthemes.com/paces/bootstrap/assets/images/layouts/topbar-color-gradient.png]
[coderthemes.com/paces/bootstrap/assets/images/layouts/sidenav-color-light.png]
[coderthemes.com/paces/bootstrap/assets/images/layouts/sidenav-color-dark.png]
[coderthemes.com/paces/bootstrap/assets/images/layouts/sidenav-color-gray.png]
[coderthemes.com/paces/bootstrap/assets/images/layouts/sidenav-color-gradient.png]
[coderthemes.com/paces/bootstrap/assets/images/layouts/sidenav-color-image.png]
[coderthemes.com/paces/bootstrap/assets/images/layouts/sidenav-size-default.png]
[coderthemes.com/paces/bootstrap/assets/images/layouts/sidenav-size-compact.png]
[coderthemes.com/paces/bootstrap/assets/images/layouts/sidenav-size-condensed.png]
[coderthemes.com/paces/bootstrap/assets/images/layouts/sidenav-size-on-hover.png]
[coderthemes.com/paces/bootstrap/assets/images/layouts/sidenav-size-on-hover-active.png]
[coderthemes.com/paces/bootstrap/assets/images/layouts/sidenav-size-offcanvas.png]
[coderthemes.com/paces/bootstrap/assets/images/layouts/width-fluid.png]
[coderthemes.com/paces/bootstrap/assets/images/layouts/width-boxed.png]
[coderthemes.com/paces/bootstrap/assets/images/layouts/dir-ltr.png]
[coderthemes.com/paces/bootstrap/assets/images/layouts/dir-rtl.png]
[coderthemes.com/paces/bootstrap/assets/plugins/jsvectormap/jsvectormap.min.js]
[coderthemes.com/paces/bootstrap/assets/plugins/apexcharts/apexcharts.min.js]
[coderthemes.com/paces/bootstrap/assets/js/maps/world-merc.js]
[coderthemes.com/paces/bootstrap/assets/js/maps/world.js]
[coderthemes.com/paces/bootstrap/assets/js/pages/custom-table.js]
[coderthemes.com/paces/bootstrap/assets/js/pages/dashboard-ecommerce.js]
[coderthemes.com/paces/bootstrap/index.html]
[coderthemes.com/paces/bootstrap/auth-reset-pass.html]
[coderthemes.com/paces/bootstrap/assets/js/pages/auth-password.js]
[coderthemes.com/paces/bootstrap/auth-sign-up.html]
[coderthemes.com/paces/bootstrap/assets/fonts/boxicons.html]
[coderthemes.com/paces/bootstrap/assets/fonts/boxicons-2.html]
[coderthemes.com/paces/bootstrap/assets/fonts/boxicons-3.html]
[coderthemes.com/paces/bootstrap/assets/fonts/boxicons-4.html]
[coderthemes.com/paces/bootstrap/assets/fonts/boxiconsd41d.html]
[coderthemes.com/paces/bootstrap/assets/css/fonts/remixiconea58.html]
[coderthemes.com/paces/bootstrap/assets/css/fonts/remixiconea58-2.html]
[coderthemes.com/paces/bootstrap/assets/plugins/jsvectormap/jsvectormap.min.css]
[coderthemes.com/paces/bootstrap/assets/images/logos/google.svg]
[coderthemes.com/paces/bootstrap/assets/images/logos/figma.svg]
[coderthemes.com/paces/bootstrap/assets/images/logos/slack.svg]
[coderthemes.com/paces/bootstrap/assets/images/logos/dropbox.svg]
[coderthemes.com/paces/bootstrap/assets/images/flags/us.svg]
[coderthemes.com/paces/bootstrap/assets/images/flags/de.svg]
[coderthemes.com/paces/bootstrap/assets/images/flags/it.svg]
[coderthemes.com/paces/bootstrap/assets/images/flags/es.svg]
[coderthemes.com/paces/bootstrap/assets/images/flags/ru.svg]
[coderthemes.com/paces/bootstrap/assets/images/flags/in.svg]
[coderthemes.com/paces/bootstrap/assets/images/flags/sa.svg]
[coderthemes.com/paces/bootstrap/auth-lock-screen.html]
[coderthemes.com/paces/bootstrap/assets/images/user-bg-pattern.svg]
[coderthemes.com/paces/bootstrap/assets/js/pages/dashboard-analytics.js]
[coderthemes.com/paces/bootstrap/dashboard-analytics.html]
[coderthemes.com/paces/bootstrap/assets/images/users/user-2.jpg]
[coderthemes.com/paces/bootstrap/assets/images/users/user-10.jpg]
[coderthemes.com/paces/bootstrap/assets/images/users/user-3.jpg]
[coderthemes.com/paces/bootstrap/assets/images/users/user-9.jpg]
[coderthemes.com/paces/bootstrap/assets/js/pages/dashboard-crm.js]
[coderthemes.com/paces/bootstrap/dashboard-crm.html]
[coderthemes.com/paces/bootstrap/assets/images/debit-card.png]
[coderthemes.com/paces/bootstrap/assets/images/stock/small-1.jpg]
[coderthemes.com/paces/bootstrap/assets/images/stock/small-2.jpg]
[coderthemes.com/paces/bootstrap/assets/images/stock/small-3.jpg]
[coderthemes.com/paces/bootstrap/assets/images/stock/small-4.jpg]
[coderthemes.com/paces/bootstrap/assets/images/stock/small-5.jpg]
[coderthemes.com/paces/bootstrap/assets/js/pages/dashboard-finance.js]
[coderthemes.com/paces/bootstrap/dashboard-finance.html]
[coderthemes.com/paces/bootstrap/assets/js/pages/dashboard-projects.js]
[coderthemes.com/paces/bootstrap/dashboard-projects.html]
[coderthemes.com/paces/bootstrap/apps-ecommerce-products.html]
[coderthemes.com/paces/bootstrap/assets/plugins/nouislider/nouislider.min.css]
[coderthemes.com/paces/bootstrap/assets/plugins/nouislider/nouislider.min.js]
[coderthemes.com/paces/bootstrap/assets/js/pages/ecommerce-products.js]
[coderthemes.com/paces/bootstrap/apps-ecommerce-products-grid.html]
[coderthemes.com/paces/bootstrap/assets/images/products/single-1.png]
[coderthemes.com/paces/bootstrap/assets/images/products/single-2.png]
[coderthemes.com/paces/bootstrap/assets/images/products/single-3.png]
[coderthemes.com/paces/bootstrap/assets/images/products/single-4.png]
[coderthemes.com/paces/bootstrap/apps-ecommerce-product-details.html]
[coderthemes.com/paces/bootstrap/assets/plugins/dropzone/dropzone.css]
[coderthemes.com/paces/bootstrap/assets/plugins/quill/quill.core.css]
[coderthemes.com/paces/bootstrap/assets/plugins/quill/quill.snow.css]
[coderthemes.com/paces/bootstrap/assets/plugins/quill/quill.js]
[coderthemes.com/paces/bootstrap/assets/plugins/dropzone/dropzone-min.js]
[coderthemes.com/paces/bootstrap/assets/js/pages/ecommerce-product-add.js]
[coderthemes.com/paces/bootstrap/apps-ecommerce-product-add.html]
[coderthemes.com/paces/bootstrap/apps-ecommerce-categories.html]
[coderthemes.com/paces/bootstrap/apps-ecommerce-orders.html]
[coderthemes.com/paces/bootstrap/apps-ecommerce-order-details.html]
[coderthemes.com/paces/bootstrap/apps-ecommerce-order-add.html]
[coderthemes.com/paces/bootstrap/apps-ecommerce-customers.html]
[coderthemes.com/paces/bootstrap/apps-ecommerce-cart.html]
[coderthemes.com/paces/bootstrap/assets/images/cards/cod.png]
[coderthemes.com/paces/bootstrap/assets/plugins/inputmask/inputmask.min.js]
[coderthemes.com/paces/bootstrap/assets/js/pages/form-inputmask.js]
[coderthemes.com/paces/bootstrap/assets/js/pages/form-wizard.js]
[coderthemes.com/paces/bootstrap/apps-ecommerce-checkout.html]
[coderthemes.com/paces/bootstrap/assets/images/sellers/3.png]
[coderthemes.com/paces/bootstrap/assets/images/sellers/4.png]
[coderthemes.com/paces/bootstrap/assets/images/sellers/5.png]
[coderthemes.com/paces/bootstrap/assets/images/sellers/6.png]
[coderthemes.com/paces/bootstrap/assets/images/sellers/7.png]
[coderthemes.com/paces/bootstrap/assets/images/sellers/8.png]
[coderthemes.com/paces/bootstrap/assets/images/sellers/9.png]
[coderthemes.com/paces/bootstrap/assets/images/sellers/10.png]
[coderthemes.com/paces/bootstrap/assets/images/sellers/1.png]
[coderthemes.com/paces/bootstrap/assets/images/sellers/2.png]
[coderthemes.com/paces/bootstrap/assets/js/pages/ecommerce-product-views.js]
[coderthemes.com/paces/bootstrap/apps-ecommerce-sellers.html]
[coderthemes.com/paces/bootstrap/assets/js/pages/ecommerce-seller-details.js]
[coderthemes.com/paces/bootstrap/apps-ecommerce-seller-details.html]
[coderthemes.com/paces/bootstrap/apps-ecommerce-refunds.html]
[coderthemes.com/paces/bootstrap/assets/js/pages/ecommerce-reviews.js]
[coderthemes.com/paces/bootstrap/apps-ecommerce-reviews.html]
[coderthemes.com/paces/bootstrap/apps-ecommerce-warehouse.html]
[coderthemes.com/paces/bootstrap/apps-ecommerce-product-stocks.html]
[coderthemes.com/paces/bootstrap/apps-ecommerce-purchased-orders.html]
[coderthemes.com/paces/bootstrap/apps-ecommerce-product-views.html]
[coderthemes.com/paces/bootstrap/assets/js/pages/ecommerce-sales.js]
[coderthemes.com/paces/bootstrap/apps-ecommerce-sales.html]
[coderthemes.com/paces/bootstrap/apps-ecommerce-attributes.html]
[coderthemes.com/paces/bootstrap/apps-ecommerce-settings.html]
[coderthemes.com/paces/bootstrap/assets/js/pages/apps-chat.js]
[coderthemes.com/paces/bootstrap/apps-chat.html]
[coderthemes.com/paces/bootstrap/apps-projects-grid.html]
[coderthemes.com/paces/bootstrap/apps-projects-list.html]
[coderthemes.com/paces/bootstrap/apps-projects-details.html]
[coderthemes.com/paces/bootstrap/assets/plugins/sortablejs/Sortable.min.js]
[coderthemes.com/paces/bootstrap/assets/js/pages/apps-kanban.js]
[coderthemes.com/paces/bootstrap/apps-projects-kanban.html]
[coderthemes.com/paces/bootstrap/apps-projects-team-board.html]
[coderthemes.com/paces/bootstrap/apps-projects-activity.html]
[coderthemes.com/paces/bootstrap/apps-task-list.html]
[coderthemes.com/paces/bootstrap/apps-task-details.html]
[coderthemes.com/paces/bootstrap/apps-task-create.html]
[coderthemes.com/paces/bootstrap/apps-invoice-list.html]
[coderthemes.com/paces/bootstrap/assets/images/qr.png]
[coderthemes.com/paces/bootstrap/assets/images/sign.png]
[coderthemes.com/paces/bootstrap/apps-invoice-details.html]
[coderthemes.com/paces/bootstrap/assets/js/pages/apps-create-invoice.js]
[coderthemes.com/paces/bootstrap/apps-invoice-create.html]
[coderthemes.com/paces/bootstrap/apps-crm-contacts.html]
[coderthemes.com/paces/bootstrap/apps-crm-opportunities.html]
[coderthemes.com/paces/bootstrap/apps-crm-deals.html]
[coderthemes.com/paces/bootstrap/apps-crm-leads.html]
[coderthemes.com/paces/bootstrap/assets/js/pages/apps-crm-pipeline.js]
[coderthemes.com/paces/bootstrap/apps-crm-pipeline.html]
[coderthemes.com/paces/bootstrap/apps-crm-campaign.html]
[coderthemes.com/paces/bootstrap/apps-crm-proposals.html]
[coderthemes.com/paces/bootstrap/apps-crm-estimations.html]
[coderthemes.com/paces/bootstrap/apps-crm-customers.html]
[coderthemes.com/paces/bootstrap/apps-crm-activities.html]
[coderthemes.com/paces/bootstrap/apps-users-contacts.html]
[coderthemes.com/paces/bootstrap/assets/images/profile-bg.jpg]
[coderthemes.com/paces/bootstrap/apps-users-profile.html]
[coderthemes.com/paces/bootstrap/apps-users-account-settings.html]
[coderthemes.com/paces/bootstrap/apps-users-roles.html]
[coderthemes.com/paces/bootstrap/apps-users-role-details.html]
[coderthemes.com/paces/bootstrap/apps-users-permissions.html]
[coderthemes.com/paces/bootstrap/apps-finance-expenses.html]
[coderthemes.com/paces/bootstrap/apps-finance-expense-category.html]
[coderthemes.com/paces/bootstrap/apps-finance-income.html]
[coderthemes.com/paces/bootstrap/apps-finance-transactions.html]
[coderthemes.com/paces/bootstrap/apps-finance-banks-cards.html]
[coderthemes.com/paces/bootstrap/apps-hrm-staffs.html]
[coderthemes.com/paces/bootstrap/apps-hrm-staff-profile.html]
[coderthemes.com/paces/bootstrap/apps-hrm-staff-add.html]
[coderthemes.com/paces/bootstrap/apps-hrm-departments.html]
[coderthemes.com/paces/bootstrap/apps-hrm-attendance.html]
[coderthemes.com/paces/bootstrap/apps-hrm-leaves.html]
[coderthemes.com/paces/bootstrap/apps-hrm-leave-add.html]
[coderthemes.com/paces/bootstrap/apps-hrm-holidays.html]
[coderthemes.com/paces/bootstrap/apps-hrm-payroll.html]
[coderthemes.com/paces/bootstrap/apps-hrm-create-salary-slip.html]
[coderthemes.com/paces/bootstrap/assets/js/pages/apps-email.js]
[coderthemes.com/paces/bootstrap/apps-email-inbox.html]
[coderthemes.com/paces/bootstrap/apps-email-details.html]
[coderthemes.com/paces/bootstrap/assets/js/pages/apps-email-compose.js]
[coderthemes.com/paces/bootstrap/apps-email-compose.html]
[coderthemes.com/paces/bootstrap/apps-ticket-list.html]
[coderthemes.com/paces/bootstrap/apps-ticket-details.html]
[coderthemes.com/paces/bootstrap/apps-ticket-create.html]
[coderthemes.com/paces/bootstrap/apps-promo-coupons.html]
[coderthemes.com/paces/bootstrap/apps-promo-gift-cards.html]
[coderthemes.com/paces/bootstrap/apps-promo-discounts.html]
[coderthemes.com/paces/bootstrap/assets/images/gallery/10.jpg]
[coderthemes.com/paces/bootstrap/assets/images/gallery/2.jpg]
[coderthemes.com/paces/bootstrap/assets/images/gallery/3.jpg]
[coderthemes.com/paces/bootstrap/assets/images/gallery/1.jpg]
[coderthemes.com/paces/bootstrap/apps-social-feed.html]
[coderthemes.com/paces/bootstrap/apps-pro-ai.html]
[coderthemes.com/paces/bootstrap/apps-file-manager.html]
[coderthemes.com/paces/bootstrap/assets/js/pages/apps-calendar.js]
[coderthemes.com/paces/bootstrap/apps-calendar.html]
[coderthemes.com/paces/bootstrap/apps-companies.html]
[coderthemes.com/paces/bootstrap/assets/plugins/fullcalendar/index.global.min.js]
[coderthemes.com/paces/bootstrap/assets/js/pages/apps-todo.js]
[coderthemes.com/paces/bootstrap/apps-todo.html]
[coderthemes.com/paces/bootstrap/apps-pin-board.html]
[coderthemes.com/paces/bootstrap/apps-clients.html]
[coderthemes.com/paces/bootstrap/apps-outlook.html]
[coderthemes.com/paces/bootstrap/apps-vote-list.html]
[coderthemes.com/paces/bootstrap/apps-issue-tracker.html]
[coderthemes.com/paces/bootstrap/assets/plugins/clipboard/clipboard.min.js]
[coderthemes.com/paces/bootstrap/assets/js/pages/apps-api-keys.js]
[coderthemes.com/paces/bootstrap/apps-api-keys.html]
[coderthemes.com/paces/bootstrap/apps-manage.html]
[coderthemes.com/paces/bootstrap/assets/images/blog/blog-1.jpg]
[coderthemes.com/paces/bootstrap/assets/images/blog/blog-2.jpg]
[coderthemes.com/paces/bootstrap/assets/images/blog/blog-3.jpg]
[coderthemes.com/paces/bootstrap/assets/images/blog/blog-4.jpg]
[coderthemes.com/paces/bootstrap/assets/images/blog/blog-5.jpg]
[coderthemes.com/paces/bootstrap/apps-blog-list.html]
[coderthemes.com/paces/bootstrap/assets/plugins/masonry/masonry.pkgd.min.js]
[coderthemes.com/paces/bootstrap/apps-blog-grid.html]
[coderthemes.com/paces/bootstrap/assets/images/blog/blog-post.jpg]
[coderthemes.com/paces/bootstrap/apps-blog-article.html]
[coderthemes.com/paces/bootstrap/assets/js/pages/form-quilljs.js]
[coderthemes.com/paces/bootstrap/apps-blog-add.html]
[coderthemes.com/paces/bootstrap/apps-forum-view.html]
[coderthemes.com/paces/bootstrap/apps-forum-post.html]
[coderthemes.com/paces/bootstrap/pages-about-us.html]
[coderthemes.com/paces/bootstrap/pages-contact-us.html]
[coderthemes.com/paces/bootstrap/pages-pricing.html]
[coderthemes.com/paces/bootstrap/pages-empty.html]
[coderthemes.com/paces/bootstrap/pages-timeline.html]
[coderthemes.com/paces/bootstrap/assets/plugins/glightbox/glightbox.min.css]
[coderthemes.com/paces/bootstrap/assets/images/gallery/5.jpg]
[coderthemes.com/paces/bootstrap/assets/images/gallery/6.jpg]
[coderthemes.com/paces/bootstrap/assets/images/gallery/11.jpg]
[coderthemes.com/paces/bootstrap/assets/images/gallery/7.jpg]
[coderthemes.com/paces/bootstrap/assets/images/gallery/12.jpg]
[coderthemes.com/paces/bootstrap/assets/images/gallery/8.jpg]
[coderthemes.com/paces/bootstrap/assets/images/gallery/13.jpg]
[coderthemes.com/paces/bootstrap/assets/images/gallery/14.jpg]
[coderthemes.com/paces/bootstrap/assets/images/gallery/4.jpg]
[coderthemes.com/paces/bootstrap/assets/images/gallery/9.jpg]
[coderthemes.com/paces/bootstrap/assets/plugins/glightbox/glightbox.min.js]
[coderthemes.com/paces/bootstrap/assets/plugins/web-animations/web-animations.min.js]
[coderthemes.com/paces/bootstrap/assets/plugins/muuri/muuri.min.js]
[coderthemes.com/paces/bootstrap/assets/js/pages/pages-gallery.js]
[coderthemes.com/paces/bootstrap/pages-gallery.html]
[coderthemes.com/paces/bootstrap/pages-faq.html]
[coderthemes.com/paces/bootstrap/pages-sitemap.html]
[coderthemes.com/paces/bootstrap/pages-search-results.html]
[coderthemes.com/paces/bootstrap/assets/js/pages/coming-soon.js]
[coderthemes.com/paces/bootstrap/pages-coming-soon.html]
[coderthemes.com/paces/bootstrap/pages-privacy-policy.html]
[coderthemes.com/paces/bootstrap/pages-terms-conditions.html]
[coderthemes.com/paces/bootstrap/assets/js/pages/plugins-nestable.js]
[coderthemes.com/paces/bootstrap/plugins-sortable.html]
[coderthemes.com/paces/bootstrap/assets/js/pages/plugins-pdf-viewer.js]
[coderthemes.com/paces/bootstrap/plugins-pdf-viewer.html]
[coderthemes.com/paces/bootstrap/plugins-i18.html]
[coderthemes.com/paces/bootstrap/assets/plugins/pdfjs/pdf.min.js]
[coderthemes.com/paces/bootstrap/assets/plugins/sweetalert2/sweetalert2.min.css]
[coderthemes.com/paces/bootstrap/assets/plugins/sweetalert2/sweetalert2.min.js]
[coderthemes.com/paces/bootstrap/assets/js/pages/plugins-sweetalerts.js]
[coderthemes.com/paces/bootstrap/plugins-sweet-alerts.html]
[coderthemes.com/paces/bootstrap/assets/js/pages/plugins-idle-timer.js]
[coderthemes.com/paces/bootstrap/plugins-idle-timer.html]
[coderthemes.com/paces/bootstrap/assets/js/pages/plugins-pass-meter.js]
[coderthemes.com/paces/bootstrap/plugins-pass-meter.html]
[coderthemes.com/paces/bootstrap/assets/js/pages/plugins-clipboard.js]
[coderthemes.com/paces/bootstrap/plugins-clipboard.html]
[coderthemes.com/paces/bootstrap/assets/plugins/jstree/style.min.css]
[coderthemes.com/paces/bootstrap/assets/plugins/jquery/jquery.min.js]
[coderthemes.com/paces/bootstrap/assets/plugins/jstree/jstree.min.js]
[coderthemes.com/paces/bootstrap/assets/js/pages/plugins-treeview.js]
[coderthemes.com/paces/bootstrap/plugins-tree-view.html]
[coderthemes.com/paces/bootstrap/plugins-masonry.html]
[coderthemes.com/paces/bootstrap/assets/plugins/tourguidejs/tour.min.css]
[coderthemes.com/paces/bootstrap/assets/plugins/tourguidejs/tour.js]
[coderthemes.com/paces/bootstrap/assets/js/pages/plugins-tour.js]
[coderthemes.com/paces/bootstrap/plugins-tour.html]
[coderthemes.com/paces/bootstrap/assets/plugins/animate/animate.min.css]
[coderthemes.com/paces/bootstrap/assets/js/pages/plugins-animation.js]
[coderthemes.com/paces/bootstrap/plugins-animation.html]
[coderthemes.com/paces/bootstrap/assets/plugins/plyr/plyr.css]
[media.w3.org/2010/05/sintel/poster.png]
[coderthemes.com/paces/bootstrap/assets/plugins/plyr/plyr.min.js]
[coderthemes.com/paces/bootstrap/assets/js/pages/plugins-plyr.js]
[coderthemes.com/paces/bootstrap/plugins-video-player.html]
[coderthemes.com/paces/bootstrap/assets/js/pages/auth-two-factor.js]
[coderthemes.com/paces/bootstrap/auth-new-pass.html]
[coderthemes.com/paces/bootstrap/auth-two-factor.html]
[coderthemes.com/paces/bootstrap/assets/images/checkmark.png]
[coderthemes.com/paces/bootstrap/auth-success-mail.html]
[coderthemes.com/paces/bootstrap/auth-login-pin.html]
[coderthemes.com/paces/bootstrap/assets/images/delete.png]
[coderthemes.com/paces/bootstrap/auth-delete-account.html]
[coderthemes.com/paces/bootstrap/assets/images/auth.jpg]
[coderthemes.com/paces/bootstrap/auth-card-sign-in.html]
[coderthemes.com/paces/bootstrap/auth-card-sign-up.html]
[coderthemes.com/paces/bootstrap/auth-card-reset-pass.html]
[coderthemes.com/paces/bootstrap/auth-card-new-pass.html]
[coderthemes.com/paces/bootstrap/auth-card-two-factor.html]
[coderthemes.com/paces/bootstrap/auth-card-lock-screen.html]
[coderthemes.com/paces/bootstrap/auth-card-success-mail.html]
[coderthemes.com/paces/bootstrap/auth-card-login-pin.html]
[coderthemes.com/paces/bootstrap/auth-card-delete-account.html]
[coderthemes.com/paces/bootstrap/auth-split-sign-in.html]
[coderthemes.com/paces/bootstrap/auth-split-sign-up.html]
[coderthemes.com/paces/bootstrap/auth-split-reset-pass.html]
[coderthemes.com/paces/bootstrap/auth-split-new-pass.html]
[coderthemes.com/paces/bootstrap/auth-split-two-factor.html]
[coderthemes.com/paces/bootstrap/auth-split-lock-screen.html]
[coderthemes.com/paces/bootstrap/auth-split-success-mail.html]
[coderthemes.com/paces/bootstrap/auth-split-login-pin.html]
[coderthemes.com/paces/bootstrap/auth-split-delete-account.html]
[coderthemes.com/paces/bootstrap/error-400.html]
[coderthemes.com/paces/bootstrap/error-401.html]
[coderthemes.com/paces/bootstrap/error-403.html]
[coderthemes.com/paces/bootstrap/error-404.html]
[coderthemes.com/paces/bootstrap/error-408.html]
[coderthemes.com/paces/bootstrap/error-500.html]
[coderthemes.com/paces/bootstrap/error-maintenance.html]
[coderthemes.com/paces/bootstrap/layouts-horizontal.html]
[coderthemes.com/paces/bootstrap/layouts-boxed.html]
[coderthemes.com/paces/bootstrap/layouts-scrollable.html]
[coderthemes.com/paces/bootstrap/layouts-compact.html]
[coderthemes.com/paces/bootstrap/layouts-preloader.html]
[coderthemes.com/paces/bootstrap/layouts-sidebar-light.html]
[coderthemes.com/paces/bootstrap/layouts-sidebar-gradient.html]
[coderthemes.com/paces/bootstrap/layouts-sidebar-gray.html]
[coderthemes.com/paces/bootstrap/layouts-sidebar-image.html]
[coderthemes.com/paces/bootstrap/layouts-sidebar-compact.html]
[coderthemes.com/paces/bootstrap/layouts-sidebar-on-hover.html]
[coderthemes.com/paces/bootstrap/layouts-sidebar-offcanvas.html]
[coderthemes.com/paces/bootstrap/layouts-sidebar-no-icons.html]
[coderthemes.com/paces/bootstrap/layouts-sidebar-with-lines.html]
[coderthemes.com/paces/bootstrap/layouts-topbar-dark.html]
[coderthemes.com/paces/bootstrap/layouts-topbar-gray.html]
[coderthemes.com/paces/bootstrap/layouts-topbar-gradient.html]
[coderthemes.com/paces/bootstrap/ui-accordions.html]
[coderthemes.com/paces/bootstrap/assets/js/pages/ui-alerts.js]
[coderthemes.com/paces/bootstrap/ui-alerts.html]
[coderthemes.com/paces/bootstrap/ui-buttons.html]
[coderthemes.com/paces/bootstrap/ui-badges.html]
[coderthemes.com/paces/bootstrap/ui-colors.html]
[coderthemes.com/paces/bootstrap/ui-breadcrumb.html]
[coderthemes.com/paces/bootstrap/assets/images/stock/small-6.jpg]
[coderthemes.com/paces/bootstrap/assets/images/stock/small-9.jpg]
[coderthemes.com/paces/bootstrap/assets/images/stock/small-10.jpg]
[coderthemes.com/paces/bootstrap/ui-cards.html]
[coderthemes.com/paces/bootstrap/ui-carousel.html]
[coderthemes.com/paces/bootstrap/ui-collapse.html]
[coderthemes.com/paces/bootstrap/ui-images.html]
[coderthemes.com/paces/bootstrap/ui-dropdowns.html]
[coderthemes.com/paces/bootstrap/ui-videos.html]
[coderthemes.com/paces/bootstrap/ui-grid.html]
[coderthemes.com/paces/bootstrap/ui-links.html]
[coderthemes.com/paces/bootstrap/ui-list-group.html]
[coderthemes.com/paces/bootstrap/assets/js/pages/ui-modals.js]
[coderthemes.com/paces/bootstrap/ui-modals.html]
[coderthemes.com/paces/bootstrap/assets/js/pages/ui-notifications.js]
[coderthemes.com/paces/bootstrap/ui-notifications.html]
[coderthemes.com/paces/bootstrap/ui-offcanvas.html]
[coderthemes.com/paces/bootstrap/ui-placeholders.html]
[coderthemes.com/paces/bootstrap/ui-pagination.html]
[coderthemes.com/paces/bootstrap/ui-popovers.html]
[coderthemes.com/paces/bootstrap/ui-progress.html]
[coderthemes.com/paces/bootstrap/ui-scrollspy.html]
[coderthemes.com/paces/bootstrap/assets/plugins/spinkit/spinkit.min.css]
[coderthemes.com/paces/bootstrap/ui-spinners.html]
[coderthemes.com/paces/bootstrap/ui-tabs.html]
[coderthemes.com/paces/bootstrap/ui-tooltips.html]
[coderthemes.com/paces/bootstrap/ui-typography.html]
[coderthemes.com/paces/bootstrap/ui-utilities.html]
[coderthemes.com/paces/bootstrap/assets/js/pages/widgets-charts.js]
[coderthemes.com/paces/bootstrap/widgets-charts.html]
[coderthemes.com/paces/bootstrap/assets/images/stock/small-7.jpg]
[coderthemes.com/paces/bootstrap/widgets-mixed.html]
[coderthemes.com/paces/bootstrap/widgets-social.html]
[coderthemes.com/paces/bootstrap/widgets-statistics.html]
[coderthemes.com/paces/bootstrap/widgets-weather.html]
[coderthemes.com/paces/bootstrap/assets/plugins/moment/moment.min.js]
[apexcharts.com/samples/assets/github-data.js]
[apexcharts.com/samples/assets/irregular-data-series.js]
[coderthemes.com/paces/bootstrap/assets/js/pages/chart-apex-area.js]
[coderthemes.com/paces/bootstrap/charts-apex-area.html]
[coderthemes.com/paces/bootstrap/assets/js/pages/chart-apex-bar.js]
[coderthemes.com/paces/bootstrap/charts-apex-bar.html]
[coderthemes.com/paces/bootstrap/assets/js/pages/chart-apex-bubble.js]
[coderthemes.com/paces/bootstrap/charts-apex-bubble.html]
[apexcharts.com/samples/assets/ohlc.js]
[cdnjs.cloudflare.com/ajax/libs/dayjs/1.8.17/dayjs.min.js]
[coderthemes.com/paces/bootstrap/assets/js/pages/chart-apex-candlestick.js]
[coderthemes.com/paces/bootstrap/charts-apex-candlestick.html]
[cdnjs.cloudflare.com/ajax/libs/dayjs/1.11.0/dayjs.min.js]
[cdnjs.cloudflare.com/ajax/libs/dayjs/1.11.0/plugin/quarterOfYear.min.js]
[coderthemes.com/paces/bootstrap/assets/js/pages/chart-apex-column.js]
[coderthemes.com/paces/bootstrap/charts-apex-column.html]
[coderthemes.com/paces/bootstrap/assets/js/pages/chart-apex-heatmap.js]
[coderthemes.com/paces/bootstrap/charts-apex-heatmap.html]
[coderthemes.com/paces/bootstrap/assets/js/pages/chart-apex-line.js]
[coderthemes.com/paces/bootstrap/charts-apex-line.html]
[coderthemes.com/paces/bootstrap/assets/js/pages/chart-apex-mixed.js]
[coderthemes.com/paces/bootstrap/charts-apex-mixed.html]
[coderthemes.com/paces/bootstrap/assets/js/pages/chart-apex-timeline.js]
[coderthemes.com/paces/bootstrap/charts-apex-timeline.html]
[coderthemes.com/paces/bootstrap/assets/js/pages/chart-apex-boxplot.js]
[coderthemes.com/paces/bootstrap/charts-apex-boxplot.html]
[coderthemes.com/paces/bootstrap/assets/js/pages/chart-apex-treemap.js]
[coderthemes.com/paces/bootstrap/charts-apex-treemap.html]
[coderthemes.com/paces/bootstrap/assets/js/pages/chart-apex-pie.js]
[coderthemes.com/paces/bootstrap/charts-apex-pie.html]
[coderthemes.com/paces/bootstrap/assets/js/pages/chart-apex-radar.js]
[coderthemes.com/paces/bootstrap/charts-apex-radar.html]
[coderthemes.com/paces/bootstrap/assets/js/pages/chart-apex-radialbar.js]
[coderthemes.com/paces/bootstrap/charts-apex-radialbar.html]
[coderthemes.com/paces/bootstrap/assets/js/pages/chart-apex-scatter.js]
[coderthemes.com/paces/bootstrap/charts-apex-scatter.html]
[coderthemes.com/paces/bootstrap/assets/js/pages/chart-apex-polar-area.js]
[coderthemes.com/paces/bootstrap/charts-apex-polar-area.html]
[coderthemes.com/paces/bootstrap/assets/js/pages/chart-apex-sparklines.js]
[coderthemes.com/paces/bootstrap/charts-apex-sparklines.html]
[coderthemes.com/paces/bootstrap/assets/js/pages/chart-apex-range.js]
[coderthemes.com/paces/bootstrap/charts-apex-range.html]
[coderthemes.com/paces/bootstrap/assets/js/pages/chart-apex-funnel.js]
[coderthemes.com/paces/bootstrap/charts-apex-funnel.html]
[coderthemes.com/paces/bootstrap/assets/js/pages/chart-apex-slope.js]
[coderthemes.com/paces/bootstrap/charts-apex-slope.html]
[coderthemes.com/paces/bootstrap/assets/js/pages/chart-echart-line.js]
[coderthemes.com/paces/bootstrap/charts-echart-line.html]
[coderthemes.com/paces/bootstrap/assets/plugins/echarts/echarts.min.js]
[coderthemes.com/paces/bootstrap/assets/js/pages/chart-echart-bar.js]
[coderthemes.com/paces/bootstrap/charts-echart-bar.html]
[coderthemes.com/paces/bootstrap/assets/js/pages/chart-echart-pie.js]
[coderthemes.com/paces/bootstrap/charts-echart-pie.html]
[coderthemes.com/paces/bootstrap/assets/js/pages/chart-echart-scatter.js]
[coderthemes.com/paces/bootstrap/charts-echart-scatter.html]
[cdn.jsdelivr.net/npm/echarts/map/js/world.js]
[coderthemes.com/paces/bootstrap/assets/js/pages/chart-echart-geo-map.js]
[coderthemes.com/paces/bootstrap/charts-echart-geo-map.html]
[coderthemes.com/paces/bootstrap/assets/js/pages/chart-echart-gauge.js]
[coderthemes.com/paces/bootstrap/charts-echart-gauge.html]
[coderthemes.com/paces/bootstrap/assets/js/pages/chart-echart-candlestick.js]
[coderthemes.com/paces/bootstrap/charts-echart-candlestick.html]
[coderthemes.com/paces/bootstrap/assets/js/pages/chart-echart-area.js]
[coderthemes.com/paces/bootstrap/charts-echart-area.html]
[coderthemes.com/paces/bootstrap/assets/js/pages/chart-echart-radar.js]
[coderthemes.com/paces/bootstrap/charts-echart-radar.html]
[coderthemes.com/paces/bootstrap/assets/js/pages/chart-echart-heatmap.js]
[coderthemes.com/paces/bootstrap/charts-echart-heatmap.html]
[coderthemes.com/paces/bootstrap/assets/js/pages/chart-echart-other.js]
[coderthemes.com/paces/bootstrap/charts-echart-other.html]
[coderthemes.com/paces/bootstrap/assets/plugins/chartjs/chart.umd.js]
[coderthemes.com/paces/bootstrap/assets/js/pages/chartjs-area.js]
[coderthemes.com/paces/bootstrap/charts-chartjs-area.html]
[coderthemes.com/paces/bootstrap/assets/js/pages/chartjs-bar.js]
[coderthemes.com/paces/bootstrap/charts-chartjs-bar.html]
[coderthemes.com/paces/bootstrap/assets/js/pages/chartjs-line.js]
[coderthemes.com/paces/bootstrap/charts-chartjs-line.html]
[coderthemes.com/paces/bootstrap/assets/js/pages/chartjs-other.js]
[coderthemes.com/paces/bootstrap/charts-chartjs-other.html]
[coderthemes.com/paces/bootstrap/assets/js/pages/form-elements.js]
[coderthemes.com/paces/bootstrap/form-elements.html]
[coderthemes.com/paces/bootstrap/form-validation.html]
[coderthemes.com/paces/bootstrap/form-wizard.html]
[coderthemes.com/paces/bootstrap/assets/plugins/select2/select2.min.css]
[coderthemes.com/paces/bootstrap/assets/plugins/select2/select2.min.js]
[coderthemes.com/paces/bootstrap/assets/js/pages/form-choice.js]
[coderthemes.com/paces/bootstrap/assets/js/pages/form-select2.js]
[coderthemes.com/paces/bootstrap/form-select.html]
[coderthemes.com/paces/bootstrap/assets/plugins/daterangepicker/daterangepicker.css]
[coderthemes.com/paces/bootstrap/assets/plugins/pickr/classic.min.css]
[coderthemes.com/paces/bootstrap/assets/plugins/pickr/monolith.min.css]
[coderthemes.com/paces/bootstrap/assets/plugins/pickr/nano.min.css]
[coderthemes.com/paces/bootstrap/assets/plugins/daterangepicker/daterangepicker.js]
[coderthemes.com/paces/bootstrap/assets/js/pages/form-date-range-picker.js]
[coderthemes.com/paces/bootstrap/assets/plugins/pickr/pickr.min.js]
[coderthemes.com/paces/bootstrap/assets/js/pages/form-colorpickr.js]
[coderthemes.com/paces/bootstrap/form-pickers.html]
[coderthemes.com/paces/bootstrap/assets/plugins/filepond/filepond.min.css]
[coderthemes.com/paces/bootstrap/assets/plugins/filepond/filepond-plugin-image-preview.min.css]
[coderthemes.com/paces/bootstrap/assets/plugins/filepond/filepond.min.js]
[coderthemes.com/paces/bootstrap/assets/plugins/filepond/filepond-plugin-image-preview.min.js]
[coderthemes.com/paces/bootstrap/assets/plugins/filepond/filepond-plugin-file-validate-size.min.js]
[coderthemes.com/paces/bootstrap/assets/plugins/filepond/filepond-plugin-image-exif-orientation.min.js]
[coderthemes.com/paces/bootstrap/assets/plugins/filepond/filepond-plugin-file-encode.min.js]
[coderthemes.com/paces/bootstrap/assets/js/pages/form-fileupload.js]
[coderthemes.com/paces/bootstrap/form-fileuploads.html]
[coderthemes.com/paces/bootstrap/assets/plugins/quill/quill.bubble.css]
[coderthemes.com/paces/bootstrap/assets/plugins/summernote/summernote-bs5.min.css]
[coderthemes.com/paces/bootstrap/assets/js/pages/form-summernote.js]
[coderthemes.com/paces/bootstrap/form-text-editors.html]
[coderthemes.com/paces/bootstrap/assets/plugins/summernote/summernote-bs5.min.js]
[coderthemes.com/paces/bootstrap/assets/plugins/wnumb/wNumb.min.js]
[coderthemes.com/paces/bootstrap/assets/js/pages/form-range-slider.js]
[coderthemes.com/paces/bootstrap/form-range-slider.html]
[coderthemes.com/paces/bootstrap/assets/plugins/cropperjs/cropper.min.css]
[coderthemes.com/paces/bootstrap/assets/plugins/cropperjs/cropper.min.js]
[coderthemes.com/paces/bootstrap/assets/js/pages/form-image-cropper.js]
[coderthemes.com/paces/bootstrap/form-cropper.html]
[coderthemes.com/paces/bootstrap/form-layout.html]
[coderthemes.com/paces/bootstrap/assets/plugins/handlebars/handlebars.min.js]
[coderthemes.com/paces/bootstrap/assets/plugins/typeahead/typeahead.bundle.min.js]
[coderthemes.com/paces/bootstrap/assets/js/pages/form-typehead.js]
[coderthemes.com/paces/bootstrap/form-other-plugin.html]
[coderthemes.com/paces/bootstrap/tables-static.html]
[coderthemes.com/paces/bootstrap/tables-custom.html]
[coderthemes.com/paces/bootstrap/assets/plugins/datatables/responsive.bootstrap5.min.css]
[coderthemes.com/paces/bootstrap/assets/plugins/datatables/dataTables.min.js]
[coderthemes.com/paces/bootstrap/assets/plugins/datatables/dataTables.bootstrap5.min.js]
[coderthemes.com/paces/bootstrap/assets/plugins/datatables/dataTables.responsive.min.js]
[coderthemes.com/paces/bootstrap/assets/plugins/datatables/responsive.bootstrap5.min.js]
[coderthemes.com/paces/bootstrap/assets/js/pages/datatables-basic.js]
[coderthemes.com/paces/bootstrap/tables-datatables-basic.html]
[coderthemes.com/paces/bootstrap/assets/plugins/datatables/buttons.bootstrap5.min.css]
[coderthemes.com/paces/bootstrap/assets/plugins/datatables/dataTables.buttons.min.js]
[coderthemes.com/paces/bootstrap/assets/plugins/datatables/buttons.bootstrap5.min.js]
[coderthemes.com/paces/bootstrap/assets/plugins/datatables/jszip.min.js]
[coderthemes.com/paces/bootstrap/assets/plugins/datatables/buttons.html5.min.js]
[coderthemes.com/paces/bootstrap/assets/plugins/datatables/buttons.print.min.js]
[coderthemes.com/paces/bootstrap/assets/js/pages/datatables-export-data.js]
[coderthemes.com/paces/bootstrap/tables-datatables-export-data.html]
[coderthemes.com/paces/bootstrap/assets/plugins/datatables/select.bootstrap5.min.css]
[coderthemes.com/paces/bootstrap/assets/plugins/datatables/vfs_fonts.js]
[coderthemes.com/paces/bootstrap/assets/plugins/datatables/dataTables.select.min.js]
[coderthemes.com/paces/bootstrap/assets/plugins/datatables/pdfmake.min.js]
[coderthemes.com/paces/bootstrap/assets/plugins/datatables/select.bootstrap5.min.js]
[coderthemes.com/paces/bootstrap/assets/js/pages/datatables-select.js]
[coderthemes.com/paces/bootstrap/tables-datatables-select.html]
[coderthemes.com/paces/bootstrap/assets/js/pages/datatables-ajax.js]
[coderthemes.com/paces/bootstrap/tables-datatables-ajax.html]
[coderthemes.com/paces/bootstrap/assets/js/pages/datatables-javascript-source.js]
[coderthemes.com/paces/bootstrap/tables-datatables-javascript.html]
[coderthemes.com/paces/bootstrap/assets/js/pages/datatables-rendering.js]
[coderthemes.com/paces/bootstrap/tables-datatables-rendering.html]
[coderthemes.com/paces/bootstrap/assets/js/pages/datatables-scroll.js]
[coderthemes.com/paces/bootstrap/tables-datatables-scroll.html]
[coderthemes.com/paces/bootstrap/assets/plugins/datatables/fixedColumns.bootstrap5.min.css]
[coderthemes.com/paces/bootstrap/assets/plugins/datatables/dataTables.fixedColumns.min.js]
[coderthemes.com/paces/bootstrap/assets/plugins/datatables/fixedColumns.bootstrap5.min.js]
[coderthemes.com/paces/bootstrap/assets/js/pages/datatables-fixed-columns.js]
[coderthemes.com/paces/bootstrap/tables-datatables-fixed-columns.html]
[coderthemes.com/paces/bootstrap/assets/plugins/datatables/fixedHeader.bootstrap5.min.css]
[coderthemes.com/paces/bootstrap/assets/plugins/datatables/dataTables.fixedHeader.min.js]
[coderthemes.com/paces/bootstrap/assets/plugins/datatables/fixedHeader.bootstrap5.min.js]
[coderthemes.com/paces/bootstrap/assets/js/pages/datatables-fixed-header.js]
[coderthemes.com/paces/bootstrap/tables-datatables-fixed-header.html]
[coderthemes.com/paces/bootstrap/assets/js/pages/datatables-show-hide-columns.js]
[coderthemes.com/paces/bootstrap/tables-datatables-columns.html]
[coderthemes.com/paces/bootstrap/assets/js/pages/datatables-child-rows.js]
[coderthemes.com/paces/bootstrap/tables-datatables-child-rows.html]
[coderthemes.com/paces/bootstrap/assets/js/pages/datatables-column-search.js]
[coderthemes.com/paces/bootstrap/tables-datatables-column-searching.html]
[coderthemes.com/paces/bootstrap/assets/js/pages/datatables-range-search.js]
[coderthemes.com/paces/bootstrap/tables-datatables-range-search.html]
[coderthemes.com/paces/bootstrap/assets/js/pages/datatables-rows-add.js]
[coderthemes.com/paces/bootstrap/tables-datatables-rows-add.html]
[coderthemes.com/paces/bootstrap/assets/js/pages/datatables-checkbox-select.js]
[coderthemes.com/paces/bootstrap/tables-datatables-checkbox-select.html]
[coderthemes.com/paces/bootstrap/icons-tabler.html]
[coderthemes.com/paces/bootstrap/icons-lucide.html]
[coderthemes.com/paces/bootstrap/icons-remix.html]
[coderthemes.com/paces/bootstrap/icons-solar-duotone.html]
[coderthemes.com/paces/bootstrap/assets/js/pages/flags-listing.js]
[coderthemes.com/paces/bootstrap/icons-flags.html]
[coderthemes.com/paces/bootstrap/maps-google.html]
[coderthemes.com/paces/bootstrap/assets/js/maps/in-mill-en.js]
[coderthemes.com/paces/bootstrap/assets/js/maps/iraq.js]
[coderthemes.com/paces/bootstrap/assets/js/maps/canada.js]
[coderthemes.com/paces/bootstrap/assets/js/maps/spain.js]
[coderthemes.com/paces/bootstrap/assets/js/maps/russia.js]
[coderthemes.com/paces/bootstrap/assets/js/maps/us-aea-en.js]
[coderthemes.com/paces/bootstrap/assets/js/maps/us-lcc-en.js]
[coderthemes.com/paces/bootstrap/assets/js/maps/us-mill-en.js]
[coderthemes.com/paces/bootstrap/assets/js/pages/maps-vector.js]
[coderthemes.com/paces/bootstrap/maps-vector.html]
[coderthemes.com/paces/bootstrap/assets/plugins/leaflet/leaflet.css]
[coderthemes.com/paces/bootstrap/assets/plugins/leaflet/leaflet.js]
[coderthemes.com/paces/bootstrap/assets/js/maps/leaflet-data.js]
[coderthemes.com/paces/bootstrap/assets/js/pages/maps-leaflet.js]
[coderthemes.com/paces/bootstrap/maps-leaflet.html]
[coderthemes.com/paces/bootstrap/assets/images/svg/email-campaign.svg]
[coderthemes.com/paces/bootstrap/assets/images/flags/br.svg]
[coderthemes.com/paces/bootstrap/assets/images/flags/ca.svg]
[coderthemes.com/paces/bootstrap/assets/images/logos/instagram.svg]
[coderthemes.com/paces/bootstrap/assets/images/logos/linkedin.svg]
[coderthemes.com/paces/bootstrap/assets/images/logos/dribbble.svg]
[coderthemes.com/paces/bootstrap/assets/images/logos/messenger.svg]
[coderthemes.com/paces/bootstrap/assets/images/logos/meta.svg]
[coderthemes.com/paces/bootstrap/assets/images/logos/telegram.svg]
[coderthemes.com/paces/bootstrap/assets/images/logos/x.svg]
[coderthemes.com/paces/bootstrap/assets/images/logos/whatsapp.svg]
[coderthemes.com/paces/bootstrap/assets/images/logos/snapchat.svg]
[coderthemes.com/paces/bootstrap/assets/images/browsers/chrome.svg]
[coderthemes.com/paces/bootstrap/assets/images/browsers/firefox.svg]
[coderthemes.com/paces/bootstrap/assets/images/browsers/safari.svg]
[coderthemes.com/paces/bootstrap/assets/images/browsers/brave.svg]
[coderthemes.com/paces/bootstrap/assets/images/browsers/opera.svg]
[coderthemes.com/paces/bootstrap/assets/images/browsers/tor.svg]
[coderthemes.com/paces/bootstrap/assets/images/browsers/edge.svg]
[coderthemes.com/paces/bootstrap/assets/images/browsers/globe.svg]
[coderthemes.com/paces/bootstrap/assets/images/flags/au.svg]
[coderthemes.com/paces/bootstrap/assets/images/flower-style.svg]
[coderthemes.com/paces/bootstrap/assets/images/cards/visa.svg]
[coderthemes.com/paces/bootstrap/assets/images/cards/mastercard.svg]
[coderthemes.com/paces/bootstrap/assets/images/cards/paypal.svg]
[coderthemes.com/paces/bootstrap/assets/images/cards/stripe.svg]
[coderthemes.com/paces/bootstrap/assets/images/cards/unionpay.svg]
[coderthemes.com/paces/bootstrap/assets/plugins/nouislider/nouislider.min.css]
[coderthemes.com/paces/bootstrap/assets/images/ratings.svg]
[coderthemes.com/paces/bootstrap/assets/plugins/dropzone/dropzone.css]
[coderthemes.com/paces/bootstrap/assets/plugins/quill/quill.core.css]
[coderthemes.com/paces/bootstrap/assets/plugins/quill/quill.snow.css]
[coderthemes.com/paces/bootstrap/assets/images/cards/american-express.svg]
[coderthemes.com/paces/bootstrap/assets/images/cards/discover-card.svg]
[coderthemes.com/paces/bootstrap/assets/images/cards/payoneer.svg]
[coderthemes.com/paces/bootstrap/assets/images/cards/google-wallet.svg]
[coderthemes.com/paces/bootstrap/assets/images/cards/bhim.svg]
[coderthemes.com/paces/bootstrap/assets/images/flags/gb.svg]
[coderthemes.com/paces/bootstrap/assets/images/flags/fr.svg]
[coderthemes.com/paces/bootstrap/assets/images/flags/jp.svg]
[coderthemes.com/paces/bootstrap/assets/images/flags/ar.svg]
[coderthemes.com/paces/bootstrap/assets/images/logos/starbucks.svg]
[coderthemes.com/paces/bootstrap/assets/images/logos/microsoft.svg]
[coderthemes.com/paces/bootstrap/assets/images/logos/amazon.svg]
[coderthemes.com/paces/bootstrap/assets/images/logos/apple.svg]
[coderthemes.com/paces/bootstrap/assets/images/logos/spotify.svg]
[coderthemes.com/paces/bootstrap/assets/images/logos/airbnb.svg]
[coderthemes.com/paces/bootstrap/assets/images/logos/openai.svg]
[coderthemes.com/paces/bootstrap/assets/images/logos/shell.svg]
[coderthemes.com/paces/bootstrap/assets/images/logos/asana.svg]
[coderthemes.com/paces/bootstrap/assets/images/logos/h&m.svg]
[coderthemes.com/paces/bootstrap/users-profile.html]
[coderthemes.com/paces/bootstrap/assets/images/flags/kr.svg]
[coderthemes.com/paces/bootstrap/assets/images/flags/eg.svg]
[coderthemes.com/paces/bootstrap/assets/images/flags/cn.svg]
[coderthemes.com/paces/bootstrap/assets/images/cards/note.svg]
[coderthemes.com/paces/bootstrap/assets/images/flags/ch.svg]
[coderthemes.com/paces/bootstrap/assets/images/flags/sg.svg]
[coderthemes.com/paces/bootstrap/assets/images/flags/nl.svg]
[coderthemes.com/paces/bootstrap/assets/images/flags/ie.svg]
[coderthemes.com/paces/bootstrap/assets/images/flags/pt.svg]
[coderthemes.com/paces/bootstrap/apps-ecommerce-discount-edit.html]
[coderthemes.com/paces/bootstrap/file-manager.html]
[coderthemes.com/paces/bootstrap/assets/files/proposal.html]
[coderthemes.com/paces/bootstrap/assets/files/dependency.html]
[coderthemes.com/paces/bootstrap/assets/images/flags/mx.svg]
[coderthemes.com/paces/bootstrap/assets/plugins/glightbox/glightbox.min.css]
[coderthemes.com/paces/bootstrap/assets/plugins/sweetalert2/sweetalert2.min.css]
[coderthemes.com/paces/bootstrap/assets/plugins/jstree/throbber.gif]
[coderthemes.com/paces/bootstrap/assets/plugins/jstree/style.min.css]
[coderthemes.com/paces/bootstrap/assets/plugins/tourguidejs/tour.min.css]
[coderthemes.com/paces/bootstrap/assets/plugins/animate/animate.min.css]
[coderthemes.com/paces/bootstrap/assets/plugins/plyr/plyr.css]
[coderthemes.com/paces/bootstrap/assets/images/maintenance.svg]
[coderthemes.com/paces/bootstrap/dashboard-ecommerce.html]
[coderthemes.com/paces/bootstrap/assets/plugins/spinkit/spinkit.min.css]
[coderthemes.com/paces/bootstrap/assets/images/flags/ae.svg]
[coderthemes.com/paces/bootstrap/_assets/images/stock/small-6.html]
[coderthemes.com/paces/bootstrap/_assets/images/stock/small-4.html]
[coderthemes.com/paces/bootstrap/_assets/images/stock/small-5.html]
[coderthemes.com/paces/bootstrap/!.html]
[coderthemes.com/paces/bootstrap/assets/plugins/select2/select2.min.css]
[coderthemes.com/paces/bootstrap/assets/plugins/daterangepicker/daterangepicker.css]
[coderthemes.com/paces/bootstrap/assets/plugins/pickr/classic.min.css]
[coderthemes.com/paces/bootstrap/assets/plugins/pickr/monolith.min.css]
[coderthemes.com/paces/bootstrap/assets/plugins/pickr/nano.min.css]
[coderthemes.com/paces/bootstrap/assets/plugins/filepond/filepond.min.css]
[coderthemes.com/paces/bootstrap/assets/plugins/filepond/filepond-plugin-image-preview.min.css]
[coderthemes.com/paces/bootstrap/assets/plugins/quill/quill.bubble.css]
[coderthemes.com/paces/bootstrap/assets/plugins/summernote/font/summernote.woff2]
[coderthemes.com/paces/bootstrap/assets/plugins/summernote/font/summernote.woff]
[coderthemes.com/paces/bootstrap/assets/plugins/summernote/font/summernote.ttf]
[coderthemes.com/paces/bootstrap/assets/plugins/summernote/summernote-bs5.min.css]
[coderthemes.com/paces/bootstrap/assets/plugins/cropperjs/cropper.min.css]
[coderthemes.com/paces/bootstrap/cropped.html]
[coderthemes.com/paces/bootstrap/assets/plugins/datatables/responsive.bootstrap5.min.css]
[coderthemes.com/paces/bootstrap/assets/plugins/datatables/buttons.bootstrap5.min.css]
[coderthemes.com/paces/bootstrap/assets/plugins/datatables/select.bootstrap5.min.css]
[coderthemes.com/paces/bootstrap/assets/plugins/datatables/fixedColumns.bootstrap5.min.css]
[coderthemes.com/paces/bootstrap/assets/plugins/datatables/fixedHeader.bootstrap5.min.css]
[coderthemes.com/paces/bootstrap/assets/plugins/leaflet/images/layers.png]
[coderthemes.com/paces/bootstrap/assets/plugins/leaflet/images/marker-icon.png]
[coderthemes.com/paces/bootstrap/assets/plugins/leaflet/leaflet.css]
[coderthemes.com/paces/bootstrap/assets/plugins/jstree/32px.html]
[coderthemes.com/paces/bootstrap/assets/plugins/jstree/40px.html]
[coderthemes.com/paces/bootstrap/assets/plugins/summernote/font/summernoted41d.html]
[coderthemes.com/paces/bootstrap/assets/plugins/leaflet/images/layers-2x.html]
